Decimal.uint =<= Decimal.uint (Reduce-Same)
Decimal.uint =<= Decimal.uint (Reduce-Same)
Number.uint =<= Number.uint (Reduce-Same)
?T =<= nat (Meta-Inst)
_Set =<= Type (Reduce-Same)
?T@\{x:=x; x0:=x\} =<= ?A (Meta-Inst)
_?A =<= ?T@\{x:=x; x0:=x\} (Meta-Inst)
?T@\{x:=x; x0:=x\} =<= nat (Meta-Inst)
_Set =<= Type (Reduce-Same)
Decimal.uint =<= Decimal.uint (Reduce-Same)
Decimal.uint =<= Decimal.uint (Reduce-Same)
Number.uint =<= Number.uint (Reduce-Same)
?A =<= nat (Meta-Inst)
_Set =<= Type (Reduce-Same)
nat =<= nat (Reduce-Same)
nat =<= nat (Reduce-Same)
nat =<= nat (Reduce-Same)
nat =<= nat (Reduce-Same)
nat =<= nat (Reduce-Same)
nat =<= nat (Reduce-Same)
(0 = 0) =<= (?n x = 0) (App-FO)
_@eq =<= @eq (Rigid-Same)
_nat =?= nat (Reduce-Same)
nat =<= nat (Reduce-Same)
nat =<= nat (Reduce-Same)
_(?n x) =?= 0 (Meta-Inst)
__(nat -> nat) =<= (nat -> nat) (Reduce-Same)
nat =<= nat (Reduce-Same)
nat =<= nat (Reduce-Same)
nat =<= nat (Reduce-Same)
nat =<= nat (Reduce-Same)
_0 =?= 0 (Reduce-Same)
nat =<= nat (Reduce-Same)
nat =<= nat (Reduce-Same)
nat =<= nat (Reduce-Same)
nat =<= nat (Reduce-Same)
inst1 = eq_refl
     : (fun _ : nat => 0) x = 0

inst1 uses section variable x.
?T =<= nat (Meta-Inst)
_Set =<= Type (Reduce-Same)
?T@\{x:=x; x0:=x\} =<= ?A (Meta-Inst)
_?A =<= ?T@\{x:=x; x0:=x\} (Meta-Inst)
?T@\{x:=x; x0:=x\} =<= nat (Meta-Inst)
_Set =<= Type (Reduce-Same)
?A =<= nat (Meta-Inst)
_Set =<= Type (Reduce-Same)
(x = x) =<= (?n x = x) (App-FO)
_@eq =<= @eq (Rigid-Same)
_nat =?= nat (Reduce-Same)
_(?n x) =?= x (Meta-Inst)
_(?n x) =?= x (Meta-DelDeps)
__(?n x) =?= x (Meta-Inst)
___(nat -> nat) =<= (nat -> nat) (Reduce-Same)
_x =?= x (Reduce-Same)
inst2 = eq_refl
     : (fun n : nat => n) x = x

inst2 uses section variable x.
?T =<= nat (Meta-Inst)
_Set =<= Type (Reduce-Same)
?T@\{x:=x; x0:=x\} =<= nat (Meta-Inst)
_Set =<= Type (Reduce-Same)
?T@\{x:=x; y:=y; x0:=x; x1:=y\} =<= nat (Meta-Inst)
_Set =<= Type (Reduce-Same)
?T@\{x:=x; y:=y; z:=z; x0:=x; x1:=y; x2:=z\} =<= ?A (Meta-Inst)
_?A =<= ?T@\{x:=x; y:=y; z:=z; x0:=x; x1:=y; x2:=z\} (Meta-Inst)
?T@\{x:=x; y:=y; z:=z; x0:=x; x1:=y; x2:=z\} =<= nat (Meta-Inst)
_Set =<= Type (Reduce-Same)
?A =<= nat (Meta-Inst)
_Set =<= Type (Reduce-Same)
(x = x) =<= (?n x y z = x) (App-FO)
_@eq =<= @eq (Rigid-Same)
_nat =?= nat (Reduce-Same)
_(?n x y z) =?= x (Meta-Inst)
_(?n x y z) =?= x (Meta-DelDeps)
__(?n x y z) =?= x (Meta-Inst)
___(nat -> nat -> nat -> nat) =<= (nat -> nat -> nat -> nat) (Reduce-Same)
_x =?= x (Reduce-Same)
inst3 = eq_refl
     : (fun n _ _ : nat => n) x y z = x

inst3 uses section variables x y z.
?T =<= nat (Meta-Inst)
_Set =<= Type (Reduce-Same)
?T@\{x:=x; x0:=x\} =<= nat (Meta-Inst)
_Set =<= Type (Reduce-Same)
?T@\{x:=x; y:=y; x0:=x; x1:=y\} =<= nat (Meta-Inst)
_Set =<= Type (Reduce-Same)
?T@\{x:=x; y:=y; z:=z; x0:=x; x1:=y; x2:=z\} =<= ?A (Meta-Inst)
_?A =<= ?T@\{x:=x; y:=y; z:=z; x0:=x; x1:=y; x2:=z\} (Meta-Inst)
?T@\{x:=x; y:=y; z:=z; x0:=x; x1:=y; x2:=z\} =<= nat (Meta-Inst)
_Set =<= Type (Reduce-Same)
?A =<= nat (Meta-Inst)
_Set =<= Type (Reduce-Same)
(z = z) =<= (?n x y z = z) (App-FO)
_@eq =<= @eq (Rigid-Same)
_nat =?= nat (Reduce-Same)
_(?n x y z) =?= z (Meta-Inst)
_(?n x y z) =?= z (Meta-DelDeps)
__(?n x y z) =?= z (Meta-Inst)
___(nat -> nat -> nat -> nat) =<= (nat -> nat -> nat -> nat) (Reduce-Same)
_z =?= z (Reduce-Same)
inst4 = eq_refl
     : (fun _ _ n : nat => n) x y z = z

inst4 uses section variables x y z.
Decimal.uint =<= Decimal.uint (Reduce-Same)
Decimal.uint =<= Decimal.uint (Reduce-Same)
Number.uint =<= Number.uint (Reduce-Same)
nat =<= nat (Reduce-Same)
?A =<= nat (Meta-Inst)
_Set =<= Type (Reduce-Same)
nat =<= nat (Reduce-Same)
(@eq ?A ?x ?x) =<= (let X : forall _ : nat, nat := ?n in @eq nat (X x) O) (Let-ZetaR)
_(@eq ?A ?x ?x) =<= (@eq nat (?n x) O) (App-FO)
__@eq =<= @eq (Rigid-Same)
__?A =?= nat (Meta-Inst)
___Set =<= Type (Reduce-Same)
__(?n x) =?= ?x (Meta-Inst)
__?x =?= (?n x) (Meta-Inst)
___nat =<= nat (Reduce-Same)
__(?n x) =?= O (Meta-Inst)
___(forall _ : nat, nat) =<= (forall _ : nat, nat) (Reduce-Same)
Decimal.uint =<= Decimal.uint (Reduce-Same)
Decimal.uint =<= Decimal.uint (Reduce-Same)
Number.uint =<= Number.uint (Reduce-Same)
Decimal.uint =<= Decimal.uint (Reduce-Same)
Decimal.uint =<= Decimal.uint (Reduce-Same)
Number.uint =<= Number.uint (Reduce-Same)
?A =<= nat (Meta-Inst)
_Set =<= Type (Reduce-Same)
nat =<= nat (Reduce-Same)
nat =<= nat (Reduce-Same)
?A =<= nat (Meta-Inst)
_Set =<= Type (Reduce-Same)
(@eq nat (let X : forall _ : nat, nat := ?n in X x)
   (let X : forall _ : nat, nat := ?n in X x)) =<= (@eq nat O O) (App-FO)
_@eq =<= @eq (Rigid-Same)
_nat =?= nat (Reduce-Same)
_(let X : forall _ : nat, nat := ?n in X x) =?= O (App-FO)
_(let X : forall _ : nat, nat := ?n in X x) =?= O (Let-ZetaL)
__(?n x) =?= O (Meta-Inst)
___(forall _ : nat, nat) =<= (forall _ : nat, nat) (Reduce-Same)
_(let X : forall _ : nat, nat := fun _ : nat => O in X x) =?= O (Reduce-Same)
Decimal.uint =<= Decimal.uint (Reduce-Same)
Decimal.uint =<= Decimal.uint (Reduce-Same)
Number.uint =<= Number.uint (Reduce-Same)
?T =<= nat (Meta-Inst)
_Set =<= Type (Reduce-Same)
?T@\{x:=x; x0:=x\} =<= ?A (Meta-Inst)
_?A =<= ?T@\{x:=x; x0:=x\} (Meta-Inst)
?T@\{x:=x; x0:=x\} =<= nat (Meta-Inst)
_Set =<= Type (Reduce-Same)
(@eq ?A ?x ?x) =<= (@eq nat ((fun w : forall _ : nat, nat => w) ?w x) O) (App-FO)
_@eq =<= @eq (Rigid-Same)
_?A =?= nat (Meta-Inst)
__Set =<= Type (Reduce-Same)
_?x =?= ((fun w : forall _ : nat, nat => w) ?w x) (Meta-Inst)
__nat =<= nat (Reduce-Same)
_(?w x) =?= O (Meta-Inst)
__(forall _ : nat, nat) =<= (forall _ : nat, nat) (Reduce-Same)
Decimal.uint =<= Decimal.uint (Reduce-Same)
Decimal.uint =<= Decimal.uint (Reduce-Same)
Number.uint =<= Number.uint (Reduce-Same)
Decimal.uint =<= Decimal.uint (Reduce-Same)
Decimal.uint =<= Decimal.uint (Reduce-Same)
Number.uint =<= Number.uint (Reduce-Same)
?A =<= nat (Meta-Inst)
_Set =<= Type (Reduce-Same)
nat =<= nat (Reduce-Same)
?T =<= nat (Meta-Inst)
_Set =<= Type (Reduce-Same)
?T@\{x:=x; x0:=x\} =<= ?A (Meta-Inst)
_?A =<= ?T@\{x:=x; x0:=x\} (Meta-Inst)
(@eq ?T@\{x:=x; x0:=x\} ((fun w : forall x0 : nat, ?T => w) ?w x)
   ((fun w : forall x0 : nat, ?T => w) ?w x)) =<= (@eq nat O O) (App-FO)
_@eq =<= @eq (Rigid-Same)
_?T@\{x:=x; x0:=x\} =?= nat (Meta-Inst)
__Set =<= Type (Reduce-Same)
_((fun w : forall _ : nat, nat => w) ?w x) =?= O (Lam-BetaL)
__(?w x) =?= O (Meta-Inst)
___(forall _ : nat, nat) =<= (forall _ : nat, nat) (Reduce-Same)
_((fun w : forall _ : nat, nat => w) (fun _ : nat => O) x) =?= O (Reduce-Same)
Decimal.uint =<= Decimal.uint (Reduce-Same)
Decimal.uint =<= Decimal.uint (Reduce-Same)
Number.uint =<= Number.uint (Reduce-Same)
Decimal.uint =<= Decimal.uint (Reduce-Same)
Decimal.uint =<= Decimal.uint (Reduce-Same)
Number.uint =<= Number.uint (Reduce-Same)
Decimal.uint =<= Decimal.uint (Reduce-Same)
Decimal.uint =<= Decimal.uint (Reduce-Same)
Number.uint =<= Number.uint (Reduce-Same)
Type =<= Type (Reduce-Same)
?T =<= nat (Meta-DelDeps)
_?T =<= nat (Meta-Inst)
__Set =<= Type (Reduce-Same)
nat =<= nat (Reduce-Same)
nat =<= nat (Reduce-Same)
(@eq ?A ?x ?x) =<= (@eq nat match O return nat with
         | O => ?n
         | S _ => O
         end x) (App-FO)
_@eq =<= @eq (Rigid-Same)
_?A =?= nat (Meta-Inst)
__Set =<= Type (Reduce-Same)
_?x =?= match O return nat with
| O => ?n
| S _ => O
end (Meta-Inst)
__nat =<= nat (Reduce-Same)
_match O return nat with
| O => ?n
| S _ => O
end =?= x (App-FO)
_match O return nat with
| O => ?n
| S _ => O
end =?= x (Case-IotaL)
__?n =?= x (Meta-Inst)
___nat =<= nat (Reduce-Same)
Decimal.uint =<= Decimal.uint (Reduce-Same)
Decimal.uint =<= Decimal.uint (Reduce-Same)
Number.uint =<= Number.uint (Reduce-Same)
Decimal.uint =<= Decimal.uint (Reduce-Same)
Decimal.uint =<= Decimal.uint (Reduce-Same)
Number.uint =<= Number.uint (Reduce-Same)
Decimal.uint =<= Decimal.uint (Reduce-Same)
Decimal.uint =<= Decimal.uint (Reduce-Same)
Number.uint =<= Number.uint (Reduce-Same)
Type =<= Type (Reduce-Same)
?T0 =<= (forall _ : ?T@\{n:=_ANONYMOUS_REL_1\}, nat) (Meta-DelDeps)
_?T0 =<= (forall _ : ?T@\{n:=_ANONYMOUS_REL_1\}, nat) (Meta-Inst)
__Type =<= Type (Reduce-Same)
?T =<= nat (Meta-Inst)
_Set =<= Type (Reduce-Same)
?A =<= nat (Meta-Inst)
_Set =<= Type (Reduce-Same)
nat =<= nat (Reduce-Same)
(@eq ?A ?x ?x) =<= (@eq nat
   (match O return (forall _ : nat, nat) with
    | O => ?n
    | S _ => fun _ : nat => O
    end x)
   x) (App-FO)
_@eq =<= @eq (Rigid-Same)
_?A =?= nat (Meta-Inst)
__Set =<= Type (Reduce-Same)
_?x =?= (match O return (forall _ : nat, nat) with
 | O => ?n
 | S _ => fun _ : nat => O
 end x) (Meta-Inst)
__nat =<= nat (Reduce-Same)
_(match O return (forall _ : nat, nat) with
 | O => ?n
 | S _ => fun _ : nat => O
 end x) =?= x (Case-IotaL)
__(?n x) =?= x (Meta-Inst)
__(?n x) =?= x (Meta-DelDeps)
___(?n x) =?= x (Meta-Inst)
____(forall _ : nat, nat) =<= (forall _ : nat, nat) (Reduce-Same)
?A =<= nat (Meta-Inst)
_Set =<= Type (Reduce-Same)
nat =<= nat (Reduce-Same)
Decimal.uint =<= Decimal.uint (Reduce-Same)
Decimal.uint =<= Decimal.uint (Reduce-Same)
Number.uint =<= Number.uint (Reduce-Same)
Decimal.uint =<= Decimal.uint (Reduce-Same)
Decimal.uint =<= Decimal.uint (Reduce-Same)
Number.uint =<= Number.uint (Reduce-Same)
Decimal.uint =<= Decimal.uint (Reduce-Same)
Decimal.uint =<= Decimal.uint (Reduce-Same)
Number.uint =<= Number.uint (Reduce-Same)
Type =<= Type (Reduce-Same)
?T0 =<= (forall _ : ?T@\{n:=_ANONYMOUS_REL_1\}, nat) (Meta-DelDeps)
_?T0 =<= (forall _ : ?T@\{n:=_ANONYMOUS_REL_1\}, nat) (Meta-Inst)
__Type =<= Type (Reduce-Same)
?T =<= nat (Meta-Inst)
_Set =<= Type (Reduce-Same)
?A =<= nat (Meta-Inst)
_Set =<= Type (Reduce-Same)
(@eq nat
   (match O return (forall _ : nat, nat) with
    | O => ?n
    | S _ => fun _ : nat => O
    end x)
   (match O return (forall _ : nat, nat) with
    | O => ?n
    | S _ => fun _ : nat => O
    end x)) =<= (@eq nat x x) (App-FO)
_@eq =<= @eq (Rigid-Same)
_nat =?= nat (Reduce-Same)
_(match O return (forall _ : nat, nat) with
 | O => ?n
 | S _ => fun _ : nat => O
 end x) =?= x (Case-IotaL)
__(?n x) =?= x (Meta-Inst)
__(?n x) =?= x (Meta-DelDeps)
___(?n x) =?= x (Meta-Inst)
____(forall _ : nat, nat) =<= (forall _ : nat, nat) (Reduce-Same)
_(match O return (forall _ : nat, nat) with
 | O => fun n : nat => n
 | S _ => fun _ : nat => O
 end x) =?= x (Reduce-Same)
nat =<= nat (Reduce-Same)
?A0 =<= nat (Meta-Inst)
_Set =<= Type (Reduce-Same)
nat =<= nat (Reduce-Same)
?B =<= nat (Meta-Inst)
_Set =<= Type (Reduce-Same)
?A =<= (prod nat nat) (Meta-Inst)
_Set =<= Type (Reduce-Same)
nat =<= nat (Reduce-Same)
?A =<= nat (Meta-Inst)
_Set =<= Type (Reduce-Same)
?B =<= nat (Meta-Inst)
_Set =<= Type (Reduce-Same)
(prod nat nat) =<= (prod nat nat) (Reduce-Same)
(@eq ?A ?x ?x) =<= (let X : forall _ : nat, nat := ?n in
 @eq (prod nat nat) (@pair nat nat (X x) (X x)) (@pair nat nat (X x) x)) (Let-ZetaR)
_(@eq ?A ?x ?x) =<= (@eq (prod nat nat) (@pair nat nat (?n x) (?n x)) (@pair nat nat (?n x) x)) (App-FO)
__@eq =<= @eq (Rigid-Same)
__?A =?= (prod nat nat) (Meta-Inst)
___Set =<= Type (Reduce-Same)
__?x =?= (@pair nat nat (?n x) (?n x)) (Meta-Inst)
___(prod nat nat) =<= (prod nat nat) (Reduce-Same)
__(@pair nat nat (?n x) (?n x)) =?= (@pair nat nat (?n x) x) (App-FO)
___@pair =?= @pair (Rigid-Same)
___nat =?= nat (Reduce-Same)
___nat =?= nat (Reduce-Same)
___(?n x) =?= (?n x) (Meta-Same-Same)
____x =?= x (Reduce-Same)
___(?n x) =?= x (Meta-Inst)
___(?n x) =?= x (Meta-DelDeps)
____(?n x) =?= x (Meta-Inst)
_____(forall _ : nat, nat) =<= (forall _ : nat, nat) (Reduce-Same)
?A0 =<= T (Meta-Inst)
_Type =<= Type (Reduce-Same)
T =<= T (Reduce-Same)
?A =<= Prop (Meta-Inst)
_Type =<= Type (Reduce-Same)
Prop =<= Prop (Reduce-Same)
(@eq ?A0 ?x0 ?x0) =<= (@eq Prop (forall (T : Type) (t : T), @eq T t t)
   (forall (T : ?T) (t : ?T0), @eq ?A ?x ?y)) (App-FO)
_@eq =<= @eq (Rigid-Same)
_?A0 =?= Prop (Meta-Inst)
__Type =<= Type (Reduce-Same)
_?x0 =?= (forall (T : Type) (t : T), @eq T t t) (Meta-Inst)
__Prop =<= Prop (Reduce-Same)
_(forall (T : Type) (t : T), @eq T t t) =?= (forall (T : ?T) (t : ?T0), @eq ?A ?x ?y) (App-FO)
__(forall (T : Type) (t : T), @eq T t t) =?= (forall (T : ?T) (t : ?T0), @eq ?A ?x ?y) (Prod-Same)
___?T =?= Type (Meta-Inst)
____Type =<= Type (Reduce-Same)
___(forall t : T, @eq T t t) =?= (forall t : ?T, @eq ?A ?x ?y) (App-FO)
____(forall t : T, @eq T t t) =?= (forall t : ?T, @eq ?A ?x ?y) (Prod-Same)
_____?T =?= T (Meta-Inst)
______Type =<= Type (Reduce-Same)
_____(@eq T t t) =?= (@eq ?A ?x ?y) (App-FO)
______@eq =?= @eq (Rigid-Same)
______?A =?= T (Meta-Inst)
_______Type =<= Type (Reduce-Same)
______?x =?= t (Meta-Inst)
_______T =<= T (Reduce-Same)
______?t =?= t (Meta-Inst)
_______T =<= T (Reduce-Same)
prod1 =
@eq_refl Prop (forall (T : Type) (t : T), @eq T t t)
     : @eq Prop (forall (T : Type) (t : T), @eq T t t)
         (forall (T : Type) (t : T), @eq T t t)
?A =<= Prop (Meta-Inst)
_Type =<= Type (Reduce-Same)
Prop =<= Prop (Reduce-Same)
(@eq ?A ?x ?x) =<= (@eq Prop (forall _ : Prop, True) (forall t : Prop, ?P : Prop)) (App-FO)
_@eq =<= @eq (Rigid-Same)
_?A =?= Prop (Meta-Inst)
__Type =<= Type (Reduce-Same)
_?x =?= (forall _ : Prop, True) (Meta-Inst)
__Prop =<= Prop (Reduce-Same)
_(forall _ : Prop, True) =?= (forall t : Prop, ?P : Prop) (App-FO)
__(forall _ : Prop, True) =?= (forall t : Prop, ?P : Prop) (Prod-Same)
___Prop =?= Prop (Reduce-Same)
___?P =?= True (Meta-Inst)
____Prop =<= Prop (Reduce-Same)
